Download http://localhost:4260/@denotest/esm-basic
Download http://localhost:4260/@denotest/esm-basic/1.0.0.tgz
âœ… Successfully installed deno-test-bin[WILDCARD]
[WILDCARD]
