[WILDCARD]Unfurled specifier: @denotest/add from [WILDLINE]/src/index.ts -> npm:@denotest/add@1
[WILDCARD]
Warning Aborting due to --dry-run
