[WILDCARD]Workspace config generated this import map {
  "imports": {
    "chalk": "npm:chalk",
    "chalk/": "npm:/chalk/",
    "asdfasdfasdf": "jsr:asdfasdfasdf@^0.0.0",
    "asdfasdfasdf/": "jsr:/asdfasdfasdf@^0.0.0/",
    "qwerqwer": "jsr:qwerqwer@^0.0.0",
    "qwerqwer/": "jsr:/qwerqwer@^0.0.0/"
  },
  "scopes": {
    "./bar/": {
      "@/": "./bar/",
      "secret_mod/": "./bar/some_mod/"
    },
    "./foo/": {
      "~/": "./foo/",
      "foo/": "./foo/bar/"
    }
  }
}
[WILDCARD]
hello from foo
buzz from foo
hello from bar
buzz from bar
[Function: chalk][WILDCARD]